resource "datadog_dashboard" "dashboard-good" {
description = "Description"
is_read_only = true
layout_type = "ordered"
notify_list = []
reflow_type = "auto"
restricted_roles = ["7e4f0109-a7e6-4254-b3fe-ff22b63efae3","681eee93-3844-40cc-a06f-b674b001abbd"]
template_variable {
default = "*"
name = "env"
prefix = "env"
}
template_variable {
default = "*"
name = "client"
prefix = "client"
}
title = "Title"
widget {
group_definition {
layout_type = "ordered"
title = "ECS"
widget {
timeseries_definition {
legend_size = "0"
request {
display_type = "area"
formula {
formula_expression  = "query1"
}
formula {
formula_expression  = "query2"
}
on_right_yaxis = false
q = "sum:aws.ecs.service.running{$env,$client} by {servicename}"
query {
  metric_query {
data_source = "metrics"
name = "query1"
query = "avg:system.disk.free{*}.rollup(avg, 60)"
}
}
query {
  metric_query {
data_source = "metrics"
name = "query1"
query = "avg:system.disk.free{*}.rollup(avg, 60)"
}
}
response_format = "event_list"
style {
line_type = "solid"
line_width = "normal"
palette = "dog_classic"
}
}
show_legend = false
title = "Num Services Running"
yaxis {
include_zero = true
max = "auto"
min = "auto"
scale = "linear"
}
}
}
}
}
}
