resource "datadog_dashboard" "dashboard-minimal" {
title = "An example screenboard which causes the issue"
}