resource "datadog_dashboard" "timeboard" {
description = ""
is_read_only = false
layout_type = "ordered"
notify_list = []

template_variable_preset {
name = ">= 7"

template_variable {
name = "major"
value = "7"
}
}
template_variable_preset {
name = "Latest"

template_variable {
name = "major"
value = "7"
}
template_variable {
name = "minor"
value = "21"
}
template_variable {
name = "patch"
value = "1"
}
}

template_variable {
default = "*"
name = "major"
prefix = "agent_version_major"
}
template_variable {
default = "*"
name = "minor"
prefix = "agent_version_minor"
}
template_variable {
default = "*"
name = "patch"
prefix = "agent_version_patch"
}
title = "Laura's Timeboard 21 Aug 2020 16:30"

widget {

timeseries_definition {
legend_size = "0"

request {
display_type = "line"
q = "avg:system.cpu.user{*}"

style {
line_type = "solid"
line_width = "normal"
palette = "dog_classic"
}
}
show_legend = false
title = "Avg of system.cpu.user over *"
yaxis {
include_zero = true
label = ""
max = "auto"
min = "auto"
scale = "linear"
}
}
}
widget {

query_value_definition {
autoscale = true
precision = 2

request {
aggregator = "avg"

conditional_formats {
comparator = "<"
palette = "white_on_red"
value = 1
}
conditional_formats {
comparator = ">="
palette = "white_on_green"
value = 1
}
q = "avg:datadog.agent.running{*}"
}
title = "Avg of datadog.agent.running over *"
}
}
}